Scraping details for ICICI Prudential AMC from https://ipowatch.in/icici-prudential-amc-ipo-date-review-price-allotment-details/...

Results for ICICI Prudential AMC
Found Price Range String: Γé╣2,061 to Γé╣2,165 Per Share
Parsed Min: 2061 Max: 2165

Testing subscription fallback for ICICI Prudential AMC
Subscription URL: https://ipowatch.in/icici-prudential-amc-ipo-date-review-price-subscription-status/
Subscription fallback failed: Request failed with status code 404
